// Jest Snapshot v1, https://goo.gl/fbAQLP

exports[`<Keypad /> rendering should render correctly 1`] = `
<div
  className="keypad-container"
>
  <div
    className="numbers-container"
  />
  <div
    className="operators-container"
  />
  <div
    className="submit-container"
  >
    <div
      className="key-container submit-key"
      onClick={[Function]}
    >
      <p
        className="key-value"
      >
        =
      </p>
    </div>
  </div>
</div>
`;
